Microsoft Windows [Version 10.0.10240]
(c) 2015 Microsoft Corporation. All rights reserved.

C:\Users\Rahul>echo %GIT_WORK_TREE%
C:\Users\Rahul\Documents\gitWorkTree

C:\Users\Rahul>git status
On branch master
nothing to commit, working directory clean

C:\Users\Rahul>git status
On branch master
Changes not staged for commit:
  (use "git add <file>..." to update what will be committed)
  (use "git checkout -- <file>..." to discard changes in working directory)

        modified:   wordcount/README

no changes added to commit (use "git add" and/or "git commit -a")

C:\Users\Rahul>git add wordcount/README
warning: LF will be replaced by CRLF in wordcount/README.
The file will have its original line endings in your working directory.

C:\Users\Rahul>git add "wordcount/README"

C:\Users\Rahul>git status
warning: LF will be replaced by CRLF in wordcount/README.
The file will have its original line endings in your working directory.
On branch master
Changes to be committed:
  (use "git reset HEAD <file>..." to unstage)

        modified:   wordcount/README


C:\Users\Rahul>git status
On branch master
Changes to be committed:
  (use "git reset HEAD <file>..." to unstage)

        modified:   wordcount/README

Changes not staged for commit:
  (use "git add <file>..." to update what will be committed)
  (use "git checkout -- <file>..." to discard changes in working directory)

        modified:   wordcount/README


C:\Users\Rahul>git commit -a -m "demostrating git functionality"
warning: LF will be replaced by CRLF in wordcount/README.
The file will have its original line endings in your working directory.
[master warning: LF will be replaced by CRLF in wordcount/README.
The file will have its original line endings in your working directory.
c7cd6b1] demostrating git functionality
warning: LF will be replaced by CRLF in wordcount/README.
The file will have its original line endings in your working directory.
 1 file changed, 1 insertion(+), 1 deletion(-)

C:\Users\Rahul>git status
On branch master
nothing to commit, working directory clean

C:\Users\Rahul>git remote -v
WORDcount       https://github.com/RahulDV/WordCount.git (fetch)
WORDcount       https://github.com/RahulDV/WordCount.git (push)

C:\Users\Rahul>git push WORDcount master
Username for 'https://github.com': RahulDV
Password for 'https://RahulDV@github.com':
To https://github.com/RahulDV/WordCount.git
 ! [rejected]        master -> master (fetch first)
error: failed to push some refs to 'https://github.com/RahulDV/WordCount.git'
hint: Updates were rejected because the remote contains work that you do
hint: not have locally. This is usually caused by another repository pushing
hint: to the same ref. You may want to first integrate the remote changes
hint: (e.g., 'git pull ...') before pushing again.
hint: See the 'Note about fast-forwards' in 'git push --help' for details.

C:\Users\Rahul>git pull WORDcount master
remote: Counting objects: 3, done.
remote: Compressing objects: 100% (3/3), done.
remote: Total 3 (delta 0), reused 0 (delta 0), pack-reused 0
Unpacking objects: 100% (3/3), done.
From https://github.com/RahulDV/WordCount
 * branch            master     -> FETCH_HEAD
   75e603f..2a320be  master     -> WORDcount/master
Merge made by the 'recursive' strategy.
 README.md | 1 +
 1 file changed, 1 insertion(+)
 create mode 100644 README.md

C:\Users\Rahul>git push WORDcount master
Username for 'https://github.com': RahulDV
Password for 'https://RahulDV@github.com':
Counting objects: 6, done.
Delta compression using up to 8 threads.
Compressing objects: 100% (6/6), done.
Writing objects: 100% (6/6), 651 bytes | 0 bytes/s, done.
Total 6 (delta 3), reused 0 (delta 0)
To https://github.com/RahulDV/WordCount.git
   2a320be..154db69  master -> master

C:\Users\Rahul>
